[cleaner.gq/index.html]
[cleaner.gq/style/font.css]
[backblue.gif]
[fade.gif]
[index.html]
[cleaner.gq/style/style.css]
[cleaner.gq/unknown.png]
[cleaner.gq/about.html]
[cleaner.gq/tools.html]
[cleaner.gq/sel.html]
[cleaner.gq/games.html]
[cleaner.gq/download.gif]
[cleaner.gq/changelog.txt]
[cleaner.gq/bookmarklets.html]
[cleaner.gq/tos.html]
[cleaner.gq/index.html]
[cleaner.gq/pp.html]
[cleaner.gq/style/fonts/comicsans/comic.ttf]
[cleaner.gq/style/fonts/calibri/Calibri.ttf]
[cleaner.gq/style/font.css]
[cleaner.gq/style/style.css]
[cleaner.gq/style/fonts/agency/Agency_FB.ttf]
[cleaner.gq/about.html]
[cleaner.gq/js/main.js]
[cleaner.gq/soundtest.html]
[cleaner.gq/webhook.html]
[cleaner.gq/tools.html]
[cleaner.gq/chatbox.html]
[cleaner.gq/sel1.html]
[cleaner.gq/sel2.html]
[cleaner.gq/sel.html]
[cleaner.gq/sel0.html]
[cleaner.gq/gordon.html]
[cleaner.gq/aa.html]
[cleaner.gq/cookieclicker/index.html]
[cleaner.gq/textbooks.html]
[cleaner.gq/cc.html]
[cleaner.gq/arcade.jpg]
[cleaner.gq/games.html]
[cleaner.gq/tower_game-master/index.html]
[cleaner.gq/gdrive.txt]
[cleaner.gq/inspect.txt]
[cleaner.gq/portaprox.txt]
[cleaner.gq/bookmarklets.html]
[cleaner.gq/tos.html]
[cleaner.gq/_https_/www.privacypolicygenerator.info/_]
[cleaner.gq/_https_/www.privacypolicytemplate.net/_]
[cleaner.gq/pp.html]
[cleaner.gq/soundtest.html]
[cleaner.gq/webhook.html]
[cleaner.gq/chatbox.html]
[cleaner.gq/prox.jpg]
[cleaner.gq/sel1.html]
[cleaner.gq/sel2.html]
[cleaner.gq/sel0.html]
[cleaner.gq/gordon.html]
[cleaner.gq/aa.html]
[cleaner.gq/sm64/index.html]
[cleaner.gq/msm64/index.html]
[cleaner.gq/cookieclicker/img/favicon.ico]
[cleaner.gq/cookieclicker/style7682.css]
[cleaner.gq/cookieclicker/base64.js]
[cleaner.gq/cookieclicker/ajax.js]
[cleaner.gq/cookieclicker/dungeons8831.js]
[cleaner.gq/cookieclicker/main70b5.js]
[www.paypalobjects.com/en_GB/i/btn/btn_donate_LG.gif]
[www.paypalobjects.com/nl_NL/i/scr/pixel.gif]
[cleaner.gq/cookieclicker/index.html]
[cleaner.gq/textbooks.html]
[ssl.gstatic.com/docs/doclist/images/mediatype/icon_1_document_x16.png]
[cleaner.gq/cc.html]
[cleaner.gq/tower_game-master/assets/main-bg.png]
[cleaner.gq/tower_game-master/assets/wenxue.eot]
[cleaner.gq/tower_game-master/assets/wenxue.woff]
[cleaner.gq/tower_game-master/assets/wenxue.ttf]
[cleaner.gq/tower_game-master/assets/wenxue.svg]
[cleaner.gq/tower_game-master/assets/main-loading.gif]
[cleaner.gq/tower_game-master/assets/main-index-title.png]
[cleaner.gq/tower_game-master/assets/main-index-start.png]
[cleaner.gq/tower_game-master/assets/main-modal-bg.png]
[cleaner.gq/tower_game-master/assets/main-modal-over.png]
[cleaner.gq/tower_game-master/assets/main-modal-again-b.png]
[cleaner.gq/tower_game-master/assets/main-modal-invite-b.png]
[cleaner.gq/tower_game-master/assets/main-share-icon.png]
[cleaner.gq/tower_game-master/dist/main.js]
[cleaner.gq/tower_game-master/assets/zepto-1.1.6.min.js]
[www.google-analytics.com/analytics.js]
[cleaner.gq/tower_game-master/index.html]
[cleaner.gq/_https_/www.privacypolicygenerator.info/_.html]
[cleaner.gq/_https_/www.privacypolicytemplate.net/_.html]
[hm.baidu.com/hm42e5.js]
[cleaner.gq/sm64/favicon.png]
[mrdoob.github.io/stats.js/build/stats.min.js]
[cleaner.gq/sm64/nipplejs.js]
[cleaner.gq/sm64/index.html]
[cleaner.gq/index4124.html]
[cleaner.gq/sm64/sm64.us.f3dex2e.js]
[cleaner.gq/msm64/2E623689-DC5E-47B4-B95E-C860BD6CC7D9.png]
[cleaner.gq/msm64/nipplejs.js]
[cleaner.gq/msm64/index.html]
[cleaner.gq/cookieclicker/img/favicon.html]
[cleaner.gq/msm64/sm64.us.f3dex2e.js]
[cleaner.gq/cookieclicker/img/darkNoise.png]
[cleaner.gq/cookieclicker/img/bgBlue.jpg]
[cleaner.gq/cookieclicker/img/blackGradient.png]
[cleaner.gq/cookieclicker/img/money.png]
[cleaner.gq/cookieclicker/img/perfectCookie.png]
[cleaner.gq/cookieclicker/img/imperfectCookie.png]
[cleaner.gq/cookieclicker/img/shine.png]
[cleaner.gq/cookieclicker/img/cursor.png]
[cleaner.gq/cookieclicker/img/smallCookies.png]
[cleaner.gq/cookieclicker/img/panelVertical.png]
[cleaner.gq/cookieclicker/img/panelHorizontal.png]
[cleaner.gq/cookieclicker/img/mapBG.jpg]
[cleaner.gq/cookieclicker/img/control.png]
[cleaner.gq/cookieclicker/img/mapTiles.png]
[cleaner.gq/cookieclicker/img/mapIcons.png]
[cleaner.gq/cookieclicker/img/infoBG.png]
[cleaner.gq/cookieclicker/img/infoBGfade.png]
[cleaner.gq/cookieclicker/img/upgradeFrame.png]
[cleaner.gq/cookieclicker/img/icons3860.png]
[cleaner.gq/cookieclicker/img/storeTile.jpg]
[cleaner.gq/cookieclicker/img/goldCookie.png]
[cleaner.gq/cookieclicker/style7682.css]
[cleaner.gq/tower_game-master/assets/wenxue.svg]
[cleaner.gq/index4124.html]
